Archive member included to satisfy reference by file (symbol)

c:/program files/microchip/xc8/v2.31/avr/bin/../lib/gcc/avr/5.4.0/avr5/memx-const\libgcc.a(_exit.o)
                              C:/Program Files/Microchip/MPLABX/v5.45/packs/Microchip/ATmega_DFP/2.2.108/xc8/avr/lib/avr5/memx-const/crtatmega328p.o (exit)
c:/program files/microchip/xc8/v2.31/avr/bin/../lib/gcc/avr/5.4.0/avr5/memx-const\libgcc.a(_copy_data.o)
                              build/default/production/main.o (__do_copy_data)
c:/program files/microchip/xc8/v2.31/avr/bin/../lib/gcc/avr/5.4.0/avr5/memx-const\libgcc.a(_movmemx.o)
                              build/default/production/main.o (__movmemx_qi)

Allocating common symbols
Common symbol       size              file

queue               0x20              build/default/production/main.o
usart_data          0x1               build/default/production/main.o

Discarded input sections

 .data          0x0000000000000000        0x0 C:/Program Files/Microchip/MPLABX/v5.45/packs/Microchip/ATmega_DFP/2.2.108/xc8/avr/lib/avr5/memx-const/crtatmega328p.o
 .bss           0x0000000000000000        0x0 C:/Program Files/Microchip/MPLABX/v5.45/packs/Microchip/ATmega_DFP/2.2.108/xc8/avr/lib/avr5/memx-const/crtatmega328p.o
 .text          0x0000000000000000        0x0 build/default/production/main.o
 .data          0x0000000000000000        0x0 build/default/production/main.o
 .bss           0x0000000000000000        0x0 build/default/production/main.o
 .text.USART_Transmit_String
                0x0000000000000000       0x1e build/default/production/main.o
 .text          0x0000000000000000        0x0 c:/program files/microchip/xc8/v2.31/avr/bin/../lib/gcc/avr/5.4.0/avr5/memx-const\libgcc.a(_exit.o)
 .data          0x0000000000000000        0x0 c:/program files/microchip/xc8/v2.31/avr/bin/../lib/gcc/avr/5.4.0/avr5/memx-const\libgcc.a(_exit.o)
 .bss           0x0000000000000000        0x0 c:/program files/microchip/xc8/v2.31/avr/bin/../lib/gcc/avr/5.4.0/avr5/memx-const\libgcc.a(_exit.o)
 .text.libgcc.mul
                0x0000000000000000        0x0 c:/program files/microchip/xc8/v2.31/avr/bin/../lib/gcc/avr/5.4.0/avr5/memx-const\libgcc.a(_exit.o)
 .text.libgcc.div
                0x0000000000000000        0x0 c:/program files/microchip/xc8/v2.31/avr/bin/../lib/gcc/avr/5.4.0/avr5/memx-const\libgcc.a(_exit.o)
 .text.libgcc   0x0000000000000000        0x0 c:/program files/microchip/xc8/v2.31/avr/bin/../lib/gcc/avr/5.4.0/avr5/memx-const\libgcc.a(_exit.o)
 .text.libgcc.prologue
                0x0000000000000000        0x0 c:/program files/microchip/xc8/v2.31/avr/bin/../lib/gcc/avr/5.4.0/avr5/memx-const\libgcc.a(_exit.o)
 .text.libgcc.builtins
                0x0000000000000000        0x0 c:/program files/microchip/xc8/v2.31/avr/bin/../lib/gcc/avr/5.4.0/avr5/memx-const\libgcc.a(_exit.o)
 .text.libgcc.fmul
                0x0000000000000000        0x0 c:/program files/microchip/xc8/v2.31/avr/bin/../lib/gcc/avr/5.4.0/avr5/memx-const\libgcc.a(_exit.o)
 .text.libgcc.fixed
                0x0000000000000000        0x0 c:/program files/microchip/xc8/v2.31/avr/bin/../lib/gcc/avr/5.4.0/avr5/memx-const\libgcc.a(_exit.o)
 .text          0x0000000000000000        0x0 c:/program files/microchip/xc8/v2.31/avr/bin/../lib/gcc/avr/5.4.0/avr5/memx-const\libgcc.a(_copy_data.o)
 .data          0x0000000000000000        0x0 c:/program files/microchip/xc8/v2.31/avr/bin/../lib/gcc/avr/5.4.0/avr5/memx-const\libgcc.a(_copy_data.o)
 .bss           0x0000000000000000        0x0 c:/program files/microchip/xc8/v2.31/avr/bin/../lib/gcc/avr/5.4.0/avr5/memx-const\libgcc.a(_copy_data.o)
 .text.libgcc.mul
                0x0000000000000000        0x0 c:/program files/microchip/xc8/v2.31/avr/bin/../lib/gcc/avr/5.4.0/avr5/memx-const\libgcc.a(_copy_data.o)
 .text.libgcc.div
                0x0000000000000000        0x0 c:/program files/microchip/xc8/v2.31/avr/bin/../lib/gcc/avr/5.4.0/avr5/memx-const\libgcc.a(_copy_data.o)
 .text.libgcc   0x0000000000000000        0x0 c:/program files/microchip/xc8/v2.31/avr/bin/../lib/gcc/avr/5.4.0/avr5/memx-const\libgcc.a(_copy_data.o)
 .text.libgcc.prologue
                0x0000000000000000        0x0 c:/program files/microchip/xc8/v2.31/avr/bin/../lib/gcc/avr/5.4.0/avr5/memx-const\libgcc.a(_copy_data.o)
 .text.libgcc.builtins
                0x0000000000000000        0x0 c:/program files/microchip/xc8/v2.31/avr/bin/../lib/gcc/avr/5.4.0/avr5/memx-const\libgcc.a(_copy_data.o)
 .text.libgcc.fmul
                0x0000000000000000        0x0 c:/program files/microchip/xc8/v2.31/avr/bin/../lib/gcc/avr/5.4.0/avr5/memx-const\libgcc.a(_copy_data.o)
 .text.libgcc.fixed
                0x0000000000000000        0x0 c:/program files/microchip/xc8/v2.31/avr/bin/../lib/gcc/avr/5.4.0/avr5/memx-const\libgcc.a(_copy_data.o)
 .text          0x0000000000000000        0x0 c:/program files/microchip/xc8/v2.31/avr/bin/../lib/gcc/avr/5.4.0/avr5/memx-const\libgcc.a(_movmemx.o)
 .data          0x0000000000000000        0x0 c:/program files/microchip/xc8/v2.31/avr/bin/../lib/gcc/avr/5.4.0/avr5/memx-const\libgcc.a(_movmemx.o)
 .bss           0x0000000000000000        0x0 c:/program files/microchip/xc8/v2.31/avr/bin/../lib/gcc/avr/5.4.0/avr5/memx-const\libgcc.a(_movmemx.o)
 .text.libgcc.mul
                0x0000000000000000        0x0 c:/program files/microchip/xc8/v2.31/avr/bin/../lib/gcc/avr/5.4.0/avr5/memx-const\libgcc.a(_movmemx.o)
 .text.libgcc.div
                0x0000000000000000        0x0 c:/program files/microchip/xc8/v2.31/avr/bin/../lib/gcc/avr/5.4.0/avr5/memx-const\libgcc.a(_movmemx.o)
 .text.libgcc.prologue
                0x0000000000000000        0x0 c:/program files/microchip/xc8/v2.31/avr/bin/../lib/gcc/avr/5.4.0/avr5/memx-const\libgcc.a(_movmemx.o)
 .text.libgcc.builtins
                0x0000000000000000        0x0 c:/program files/microchip/xc8/v2.31/avr/bin/../lib/gcc/avr/5.4.0/avr5/memx-const\libgcc.a(_movmemx.o)
 .text.libgcc.fmul
                0x0000000000000000        0x0 c:/program files/microchip/xc8/v2.31/avr/bin/../lib/gcc/avr/5.4.0/avr5/memx-const\libgcc.a(_movmemx.o)
 .text.libgcc.fixed
                0x0000000000000000        0x0 c:/program files/microchip/xc8/v2.31/avr/bin/../lib/gcc/avr/5.4.0/avr5/memx-const\libgcc.a(_movmemx.o)

Memory Configuration

Name             Origin             Length             Attributes
text             0x0000000000000000 0x0000000000008000 xr
data             0x0000000000800100 0x0000000000000800 rw !x
eeprom           0x0000000000810000 0x0000000000000400 rw !x
fuse             0x0000000000820000 0x0000000000000003 rw !x
lock             0x0000000000830000 0x0000000000000400 rw !x
signature        0x0000000000840000 0x0000000000000400 rw !x
user_signatures  0x0000000000850000 0x0000000000000400 rw !x
*default*        0x0000000000000000 0xffffffffffffffff

Linker script and memory map

Address of section .data set to 0x800100
LOAD C:/Program Files/Microchip/MPLABX/v5.45/packs/Microchip/ATmega_DFP/2.2.108/xc8/avr/lib/avr5/memx-const/crtatmega328p.o
                0x0000000000000001                __MPLAB_BUILD = 0x1
LOAD build/default/production/main.o
START GROUP
LOAD c:/program files/microchip/xc8/v2.31/avr/bin/../lib/gcc/avr/5.4.0/../../../../avr/lib/avr5/memx-const\libm.a
END GROUP
START GROUP
LOAD c:/program files/microchip/xc8/v2.31/avr/bin/../lib/gcc/avr/5.4.0/avr5/memx-const\libgcc.a
LOAD c:/program files/microchip/xc8/v2.31/avr/bin/../lib/gcc/avr/5.4.0/../../../../avr/lib/avr5/memx-const\libm.a
LOAD c:/program files/microchip/xc8/v2.31/avr/bin/../lib/gcc/avr/5.4.0/../../../../avr/lib/avr5/memx-const\libc.a
LOAD C:/Program Files/Microchip/MPLABX/v5.45/packs/Microchip/ATmega_DFP/2.2.108/xc8/avr/lib/avr5/memx-const\libatmega328p.a
END GROUP
                0x0000000000000000                __TEXT_REGION_ORIGIN__ = DEFINED (__TEXT_REGION_ORIGIN__)?__TEXT_REGION_ORIGIN__:0x0
                [0x0000000000800100]                __DATA_REGION_ORIGIN__ = DEFINED (__DATA_REGION_ORIGIN__)?__DATA_REGION_ORIGIN__:0x800060
                [0x0000000000008000]                __TEXT_REGION_LENGTH__ = DEFINED (__TEXT_REGION_LENGTH__)?__TEXT_REGION_LENGTH__:0x20000
                [0x0000000000000800]                __DATA_REGION_LENGTH__ = DEFINED (__DATA_REGION_LENGTH__)?__DATA_REGION_LENGTH__:0xffa0
                [0x0000000000000400]                __EEPROM_REGION_LENGTH__ = DEFINED (__EEPROM_REGION_LENGTH__)?__EEPROM_REGION_LENGTH__:0x10000
                [0x0000000000000003]                __FUSE_REGION_LENGTH__ = DEFINED (__FUSE_REGION_LENGTH__)?__FUSE_REGION_LENGTH__:0x400
                0x0000000000000400                __LOCK_REGION_LENGTH__ = DEFINED (__LOCK_REGION_LENGTH__)?__LOCK_REGION_LENGTH__:0x400
                0x0000000000000400                __SIGNATURE_REGION_LENGTH__ = DEFINED (__SIGNATURE_REGION_LENGTH__)?__SIGNATURE_REGION_LENGTH__:0x400
                0x0000000000000400                __USER_SIGNATURE_REGION_LENGTH__ = DEFINED (__USER_SIGNATURE_REGION_LENGTH__)?__USER_SIGNATURE_REGION_LENGTH__:0x400

.hash
 *(.hash)

.dynsym
 *(.dynsym)

.dynstr
 *(.dynstr)

.gnu.version
 *(.gnu.version)

.gnu.version_d
 *(.gnu.version_d)

.gnu.version_r
 *(.gnu.version_r)

.rel.init
 *(.rel.init)

.rela.init
 *(.rela.init)

.rel.text
 *(.rel.text)
 *(.rel.text.*)
 *(.rel.gnu.linkonce.t*)

.rela.text
 *(.rela.text)
 *(.rela.text.*)
 *(.rela.gnu.linkonce.t*)

.rel.fini
 *(.rel.fini)

.rela.fini
 *(.rela.fini)

.rel.rodata
 *(.rel.rodata)
 *(.rel.rodata.*)
 *(.rel.gnu.linkonce.r*)

.rela.rodata
 *(.rela.rodata)
 *(.rela.rodata.*)
 *(.rela.gnu.linkonce.r*)

.rel.data
 *(.rel.data)
 *(.rel.data.*)
 *(.rel.gnu.linkonce.d*)

.rela.data
 *(.rela.data)
 *(.rela.data.*)
 *(.rela.gnu.linkonce.d*)

.rel.ctors
 *(.rel.ctors)

.rela.ctors
 *(.rela.ctors)

.rel.dtors
 *(.rel.dtors)

.rela.dtors
 *(.rela.dtors)

.rel.got
 *(.rel.got)

.rela.got
 *(.rela.got)

.rel.bss
 *(.rel.bss)

.rela.bss
 *(.rela.bss)

.rel.plt
 *(.rel.plt)

.rela.plt
 *(.rela.plt)

.text           0x0000000000000000       0xce
 *(.vectors)
 .vectors       0x0000000000000000       0x68 C:/Program Files/Microchip/MPLABX/v5.45/packs/Microchip/ATmega_DFP/2.2.108/xc8/avr/lib/avr5/memx-const/crtatmega328p.o
                0x0000000000000000                __vector_default
                0x0000000000000000                __vectors
 *(.vectors)
 *(.progmem.gcc*)
 *(.dinit)
 .dinit         0x0000000000000068       0x11 data_init
                0x000000000000007a                . = ALIGN (0x2)
 *fill*         0x0000000000000079        0x1 
                0x000000000000007a                __trampolines_start = .
 *(.trampolines)
 .trampolines   0x000000000000007a        0x0 linker stubs
 *(.trampolines*)
                0x000000000000007a                __trampolines_end = .
 *libprintf_flt.a:*(.progmem.data)
 *libc.a:*(.progmem.data)
                0x000000000000007a                . = ALIGN (0x2)
 *(.jumptables)
 *(.jumptables*)
 *(.lowtext)
 *(.lowtext*)
                0x000000000000007a                __ctors_start = .
 *(.ctors)
                0x000000000000007a                __ctors_end = .
                0x000000000000007a                __dtors_start = .
 *(.dtors)
                0x000000000000007a                __dtors_end = .
 SORT(*)(.ctors)
 SORT(*)(.dtors)
 *(.init0)
 .init0         0x000000000000007a        0x0 C:/Program Files/Microchip/MPLABX/v5.45/packs/Microchip/ATmega_DFP/2.2.108/xc8/avr/lib/avr5/memx-const/crtatmega328p.o
                0x000000000000007a                __init
 *(.init0)
 *(.init1)
 *(.init1)
 *(.init2)
 .init2         0x000000000000007a        0xc C:/Program Files/Microchip/MPLABX/v5.45/packs/Microchip/ATmega_DFP/2.2.108/xc8/avr/lib/avr5/memx-const/crtatmega328p.o
 *(.init2)
 *(.init3)
 *(.init3)
 *(.init4)
 .init4         0x0000000000000086       0x3c c:/program files/microchip/xc8/v2.31/avr/bin/../lib/gcc/avr/5.4.0/avr5/memx-const\libgcc.a(_copy_data.o)
                0x0000000000000086                __do_copy_data
                0x00000000000000b4                __do_clear_bss
 *(.init4)
 *(.init5)
 *(.init5)
 *(.init6)
 *(.init6)
 *(.init7)
 *(.init7)
 *(.init8)
 *(.init8)
 *(.init9)
 .init9         0x00000000000000c2        0x8 C:/Program Files/Microchip/MPLABX/v5.45/packs/Microchip/ATmega_DFP/2.2.108/xc8/avr/lib/avr5/memx-const/crtatmega328p.o
 *(.init9)
                0x00000000000000ca                . = ALIGN (0x2)
 *(.fini9)
 .fini9         0x00000000000000ca        0x0 c:/program files/microchip/xc8/v2.31/avr/bin/../lib/gcc/avr/5.4.0/avr5/memx-const\libgcc.a(_exit.o)
                0x00000000000000ca                _exit
                0x00000000000000ca                exit
 *(.fini9)
 *(.fini8)
 *(.fini8)
 *(.fini7)
 *(.fini7)
 *(.fini6)
 *(.fini6)
 *(.fini5)
 *(.fini5)
 *(.fini4)
 *(.fini4)
 *(.fini3)
 *(.fini3)
 *(.fini2)
 *(.fini2)
 *(.fini1)
 *(.fini1)
 *(.fini0)
 .fini0         0x00000000000000ca        0x4 c:/program files/microchip/xc8/v2.31/avr/bin/../lib/gcc/avr/5.4.0/avr5/memx-const\libgcc.a(_exit.o)
 *(.fini0)
                0x00000000000000ce                _etext = .

.data           0x0000000000800100        0x0 load address 0x00000000000000ce
                [!provide]                        PROVIDE (__data_start, .)
 *(.gnu.linkonce.d*)
 *(.gnu.linkonce.r*)
                0x0000000000800100                . = ALIGN (0x2)
                0x0000000000800100                _edata = .
                [!provide]                        PROVIDE (__data_end, .)

.bss            0x0000000000800100       0x21
                [!provide]                        PROVIDE (__bss_start, .)
 *(COMMON)
 COMMON         0x0000000000800100       0x21 build/default/production/main.o
                0x0000000000800100                queue
                0x0000000000800120                usart_data
                [!provide]                        PROVIDE (__bss_end, .)
                0x00000000000000ce                __data_load_start = LOADADDR (.data)
                0x00000000000000ce                __data_load_end = (__data_load_start + SIZEOF (.data))

.noinit         0x0000000000800121        0x0
                [!provide]                        PROVIDE (__noinit_start, .)
 *(.noinit*)
                [!provide]                        PROVIDE (__noinit_end, .)
                0x0000000000800121                _end = .

.eeprom         0x0000000000810000        0x0
 *(.eeprom*)
                0x0000000000810000                __eeprom_end = .

.fuse
 *(.fuse)
 *(.lfuse)
 *(.hfuse)
 *(.efuse)

.lock
 *(.lock*)

.signature
 *(.signature*)

.user_signatures
 *(.user_signatures*)

.stab
 *(.stab)

.stabstr
 *(.stabstr)

.stab.excl
 *(.stab.excl)

.stab.exclstr
 *(.stab.exclstr)

.stab.index
 *(.stab.index)

.stab.indexstr
 *(.stab.indexstr)

.comment        0x0000000000000000       0x2f
 *(.comment)
 .comment       0x0000000000000000       0x2f build/default/production/main.o
                                         0x30 (size before relaxing)

.note.gnu.build-id
 *(.note.gnu.build-id)

.debug
 *(.debug)

.line
 *(.line)

.debug_srcinfo
 *(.debug_srcinfo)

.debug_sfnames
 *(.debug_sfnames)

.debug_aranges  0x0000000000000000       0x78
 *(.debug_aranges)
 .debug_aranges
                0x0000000000000000       0x78 build/default/production/main.o

.debug_pubnames
 *(.debug_pubnames)

.debug_info     0x0000000000000000      0xe1f
 *(.debug_info .gnu.linkonce.wi.*)
 .debug_info    0x0000000000000000      0x5f4 C:/Program Files/Microchip/MPLABX/v5.45/packs/Microchip/ATmega_DFP/2.2.108/xc8/avr/lib/avr5/memx-const/crtatmega328p.o
 .debug_info    0x00000000000005f4      0x82b build/default/production/main.o

.debug_abbrev   0x0000000000000000      0x77d
 *(.debug_abbrev)
 .debug_abbrev  0x0000000000000000      0x5a2 C:/Program Files/Microchip/MPLABX/v5.45/packs/Microchip/ATmega_DFP/2.2.108/xc8/avr/lib/avr5/memx-const/crtatmega328p.o
 .debug_abbrev  0x00000000000005a2      0x1db build/default/production/main.o

.debug_line     0x0000000000000000      0x5ae
 *(.debug_line .debug_line.* .debug_line_end)
 .debug_line    0x0000000000000000      0x137 C:/Program Files/Microchip/MPLABX/v5.45/packs/Microchip/ATmega_DFP/2.2.108/xc8/avr/lib/avr5/memx-const/crtatmega328p.o
 .debug_line    0x0000000000000137      0x477 build/default/production/main.o

.debug_frame    0x0000000000000000      0x18c
 *(.debug_frame)
 .debug_frame   0x0000000000000000      0x18c build/default/production/main.o

.debug_str      0x0000000000000000      0x208
 *(.debug_str)
 .debug_str     0x0000000000000000      0x208 C:/Program Files/Microchip/MPLABX/v5.45/packs/Microchip/ATmega_DFP/2.2.108/xc8/avr/lib/avr5/memx-const/crtatmega328p.o
 .debug_str     0x0000000000000208        0x0 build/default/production/main.o

.debug_loc      0x0000000000000000      0x351
 *(.debug_loc)
 .debug_loc     0x0000000000000000      0x351 build/default/production/main.o

.debug_macinfo
 *(.debug_macinfo)

.debug_weaknames
 *(.debug_weaknames)

.debug_funcnames
 *(.debug_funcnames)

.debug_typenames
 *(.debug_typenames)

.debug_varnames
 *(.debug_varnames)

.debug_pubtypes
 *(.debug_pubtypes)

.debug_ranges   0x0000000000000000       0x98
 *(.debug_ranges)
 .debug_ranges  0x0000000000000000       0x98 build/default/production/main.o

.debug_macro
 *(.debug_macro)
OUTPUT(dist/default/production/final-project.X.production.elf elf32-avr)
LOAD linker stubs
LOAD data_init

.note.gnu.avr.deviceinfo
                0x0000000000000000       0x40
 .note.gnu.avr.deviceinfo
                0x0000000000000000       0x40 C:/Program Files/Microchip/MPLABX/v5.45/packs/Microchip/ATmega_DFP/2.2.108/xc8/avr/lib/avr5/memx-const/crtatmega328p.o

.bss.holdedKey  0x0000000000800131        0x1
 .bss.holdedKey
                0x0000000000800131        0x1 build/default/production/main.o
                0x0000000000800131                holdedKey

.bss.pressedKey
                0x0000000000800132        0x1
 .bss.pressedKey
                0x0000000000800132        0x1 build/default/production/main.o
                0x0000000000800132                pressedKey

.bss.count      0x0000000000800133        0x1
 .bss.count     0x0000000000800133        0x1 build/default/production/main.o
                0x0000000000800133                count

.progmemx.data  0x00000000000000ce        0x9
 .progmemx.data
                0x00000000000000ce        0x9 build/default/production/main.o

.text.main      0x00000000000000d8      0x140
 .text.main     0x00000000000000d8      0x140 build/default/production/main.o
                0x00000000000000d8                main

.text.__vector_3
                0x0000000000000218      0x13c
 .text.__vector_3
                0x0000000000000218      0x13c build/default/production/main.o
                0x0000000000000218                __vector_3

.text.send_buffer
                0x0000000000000354       0xac
 .text.send_buffer
                0x0000000000000354       0xac build/default/production/main.o
                0x0000000000000354                send_buffer

.text.push      0x0000000000000400       0x5e
 .text.push     0x0000000000000400       0x5e build/default/production/main.o
                0x0000000000000400                push

.text.LED       0x000000000000045e       0x40
 .text.LED      0x000000000000045e       0x40 build/default/production/main.o
                0x000000000000045e                LED

.text.__vector_18
                0x000000000000049e       0x20
 .text.__vector_18
                0x000000000000049e       0x20 build/default/production/main.o
                0x000000000000049e                __vector_18

.text.USART_Init
                0x00000000000004be       0x1e
 .text.USART_Init
                0x00000000000004be       0x1e build/default/production/main.o
                0x00000000000004be                USART_Init

.text.libgcc    0x00000000000004dc       0x1a
 .text.libgcc   0x00000000000004dc       0x1a c:/program files/microchip/xc8/v2.31/avr/bin/../lib/gcc/avr/5.4.0/avr5/memx-const\libgcc.a(_movmemx.o)
                0x00000000000004dc                __movmemx_qi
                0x00000000000004de                __movmemx_hi

.text.pin_change_init
                0x00000000000004f6       0x16
 .text.pin_change_init
                0x00000000000004f6       0x16 build/default/production/main.o
                0x00000000000004f6                pin_change_init

.text.TIMER0_Init
                0x000000000000050c       0x12
 .text.TIMER0_Init
                0x000000000000050c       0x12 build/default/production/main.o
                0x000000000000050c                TIMER0_Init

.text.USART_Transmit
                0x000000000000051e       0x10
 .text.USART_Transmit
                0x000000000000051e       0x10 build/default/production/main.o
                0x000000000000051e                USART_Transmit

.text.USART_Receive
                0x000000000000052e       0x10
 .text.USART_Receive
                0x000000000000052e       0x10 build/default/production/main.o
                0x000000000000052e                USART_Receive

.text           0x000000000000053e        0x4
 .text          0x000000000000053e        0x4 C:/Program Files/Microchip/MPLABX/v5.45/packs/Microchip/ATmega_DFP/2.2.108/xc8/avr/lib/avr5/memx-const/crtatmega328p.o
                0x000000000000053e                __vector_22
                0x000000000000053e                __vector_1
                0x000000000000053e                __vector_24
                0x000000000000053e                __vector_12
                0x000000000000053e                __bad_interrupt
                0x000000000000053e                __vector_6
                0x000000000000053e                __vector_23
                0x000000000000053e                __vector_25
                0x000000000000053e                __vector_11
                0x000000000000053e                __vector_13
                0x000000000000053e                __vector_17
                0x000000000000053e                __vector_19
                0x000000000000053e                __vector_7
                0x000000000000053e                __vector_5
                0x000000000000053e                __vector_4
                0x000000000000053e                __vector_9
                0x000000000000053e                __vector_2
                0x000000000000053e                __vector_21
                0x000000000000053e                __vector_15
                0x000000000000053e                __vector_8
                0x000000000000053e                __vector_14
                0x000000000000053e                __vector_10
                0x000000000000053e                __vector_16
                0x000000000000053e                __vector_20

.data.keys      0x0000000000800121       0x10 load address 0x0000000000000542
 .data.keys     0x0000000000800121       0x10 build/default/production/main.o
                0x0000000000800121                keys
